V3 6
FL E:/xili/AND_OR_STRUCTURAL/AND_OR_STRUCTURAL.vhd 2022/04/05.12:13:15 P.20131013
EN work/AND_OR_STRUCTURAL 1649141002 \
      FL E:/xili/AND_OR_STRUCTURAL/AND_OR_STRUCTURAL.vhd PB ieee/std_logic_1164 1381692176
AR work/AND_OR_STRUCTURAL/Structural 1649141003 \
      FL E:/xili/AND_OR_STRUCTURAL/AND_OR_STRUCTURAL.vhd \
      EN work/AND_OR_STRUCTURAL 1649141002 CP AND_g CP OR_g CP NOT_g
