V3 3
FL E:/xili/FOUR_BIT_MUX/FOUR_BIT_MUX.vhd 2022/02/26.19:35:42 P.20131013
EN work/FOUR_BIT_MUX 1645884353 FL E:/xili/FOUR_BIT_MUX/FOUR_BIT_MUX.vhd \
      PB ieee/std_logic_1164 1381692176
AR work/FOUR_BIT_MUX/Dataflow 1645884354 \
      FL E:/xili/FOUR_BIT_MUX/FOUR_BIT_MUX.vhd EN work/FOUR_BIT_MUX 1645884353
