AR updowncounter structural E:/xili/UP_DOWN_COUNTER/UP_DOWN_COUNTER.vhd sub00/vhpl03 1652263534
AR up_down_counter structural E:/xili/UP_DOWN_COUNTER/UP_DOWN_COUNTER.vhd sub00/vhpl01 1652263920
EN up_down_counter NULL E:/xili/UP_DOWN_COUNTER/UP_DOWN_COUNTER.vhd sub00/vhpl00 1652263919
EN updowncounter NULL E:/xili/UP_DOWN_COUNTER/UP_DOWN_COUNTER.vhd sub00/vhpl02 1652263533
