V3 12
FL E:/xili/UP_DOWN_COUNTER/UP_DOWN_COUNTER.vhd 2022/05/11.15:41:56 P.20131013
EN work/UP_DOWN_COUNTER 1652263919 FL E:/xili/UP_DOWN_COUNTER/UP_DOWN_COUNTER.vhd \
      PB ieee/std_logic_1164 1381692176
AR work/UP_DOWN_COUNTER/Structural 1652263920 \
      FL E:/xili/UP_DOWN_COUNTER/UP_DOWN_COUNTER.vhd EN work/UP_DOWN_COUNTER 1652263919 \
      CP jk_flip_flop CP andg CP notg CP OR_G
