V3 3
FL E:/xili/Deb_Binary_to_Gray/Deb_Binary_to_Gray.vhd 2022/03/16.15:01:01 P.20131013
EN work/Deb_Binary_to_Gray 1647423077 \
      FL E:/xili/Deb_Binary_to_Gray/Deb_Binary_to_Gray.vhd PB ieee/std_logic_1164 1381692176
AR work/Deb_Binary_to_Gray/Behavioral 1647423078 \
      FL E:/xili/Deb_Binary_to_Gray/Deb_Binary_to_Gray.vhd \
      EN work/Deb_Binary_to_Gray 1647423077
